======================================================================
Model Scores Verification Log
======================================================================
Timestamp: 2026-03-15T21:31:05.914302
k (models per benchmark): 5
Seed: 42
Benchmarks verified: bbh, gpqa, math

----------------------------------------------------------------------
Benchmark: bbh
  Instances checked: 28805
  Mismatches: 0

----------------------------------------------------------------------
Benchmark: gpqa
  Instances checked: 2240
  Mismatches: 0

----------------------------------------------------------------------
Benchmark: math
  Instances checked: 6620
  Mismatches: 0

======================================================================
TOTAL instances checked: 37665
TOTAL mismatches: 0
Result: PASS
======================================================================
